Generating approved Phase 2 synthetic fixture corpus in /Users/shangyang/Desktop/workspace/projects/video-content-pipeline/tmp/phase-02-fixture-generation-20260809-rerun-03
Running approved offset-av-aac FFmpeg command.
Input #0, lavfi, from 'testsrc2=size=160x90:rate=10:duration=4':
  Duration: N/A, start: 0.000000, bitrate: N/A
  Stream #0:0: Video: wrapped_avframe, yuv420p, 160x90 [SAR 1:1 DAR 16:9], 10 fps, 10 tbr, 10 tbn
Input #1, lavfi, from 'sine=frequency=1000:sample_rate=48000:duration=4':
  Duration: N/A, start: 0.000000, bitrate: 768 kb/s
  Stream #1:0: Audio: pcm_s16le, 48000 Hz, mono, s16, 768 kb/s
Stream mapping:
  Stream #0:0 (wrapped_avframe) -> setpts:default
  Stream #1:0 (pcm_s16le) -> asetpts:default
  setpts:default -> Stream #0:0 (ffv1)
  asetpts:default -> Stream #0:1 (aac)
Output #0, matroska, to '/Users/shangyang/Desktop/workspace/projects/video-content-pipeline/tmp/phase-02-fixture-generation-20260809-rerun-03/media/phase-02-offset-av-aac.mkv':
  Metadata:
    title           : phase-02-offset-av-aac
    creation_time   : 1970-01-01T00:00:00Z
  Stream #0:0: Video: ffv1 (FFV1 / 0x31564646), yuv420p(tv, progressive), 160x90 [SAR 1:1 DAR 16:9], q=2-31, 200 kb/s, 10 fps, 1k tbn
    Metadata:
      encoder         : Lavc ffv1
  Stream #0:1: Audio: aac (LC) ([255][0][0][0] / 0x00FF), 48000 Hz, mono, fltp, 64 kb/s
    Metadata:
      encoder         : Lavc aac
[out#0/matroska @ 0x741009080] video:140KiB audio:32KiB subtitle:0KiB other streams:0KiB global headers:0KiB muxing overhead: 1.392015%
frame=   40 fps=0.0 q=-0.0 Lsize=     174KiB time=00:00:03.97 bitrate= 357.8kbits/s speed=93.8x elapsed=0:00:00.04    
[aac @ 0x740801880] Qavg: 112.818
Running approved gap-video FFmpeg command.
Input #0, lavfi, from 'testsrc2=size=160x90:rate=10:duration=4':
  Duration: N/A, start: 0.000000, bitrate: N/A
  Stream #0:0: Video: wrapped_avframe, yuv420p, 160x90 [SAR 1:1 DAR 16:9], 10 fps, 10 tbr, 10 tbn
Stream mapping:
  Stream #0:0 -> #0:0 (wrapped_avframe (native) -> ffv1 (native))
Output #0, matroska, to '/Users/shangyang/Desktop/workspace/projects/video-content-pipeline/tmp/phase-02-fixture-generation-20260809-rerun-03/media/phase-02-gap-video.mkv':
  Metadata:
    title           : phase-02-gap-video
    creation_time   : 1970-01-01T00:00:00Z
  Stream #0:0: Video: ffv1 (FFV1 / 0x31564646), yuv420p(tv, progressive), 160x90 [SAR 1:1 DAR 16:9], q=2-31, 200 kb/s, 10 fps, 1k tbn
    Metadata:
      encoder         : Lavc ffv1
[out#0/matroska @ 0xc24c20480] video:65KiB audio:0KiB subtitle:0KiB other streams:0KiB global headers:0KiB muxing overhead: 1.101648%
frame=   19 fps=0.0 q=-0.0 Lsize=      66KiB time=00:00:13.90 bitrate=  38.9kbits/s speed=4.38e+03x elapsed=0:00:00.00    
Running approved aac-priming FFmpeg command.
Input #0, lavfi, from 'sine=frequency=440:sample_rate=48000:duration=2':
  Duration: N/A, start: 0.000000, bitrate: 768 kb/s
  Stream #0:0: Audio: pcm_s16le, 48000 Hz, mono, s16, 768 kb/s
Stream mapping:
  Stream #0:0 -> #0:0 (pcm_s16le (native) -> aac (native))
Output #0, ipod, to '/Users/shangyang/Desktop/workspace/projects/video-content-pipeline/tmp/phase-02-fixture-generation-20260809-rerun-03/media/phase-02-aac-priming.m4a':
  Metadata:
    title           : phase-02-aac-priming
    creation_time   : 1970-01-01T00:00:00Z
  Stream #0:0: Audio: aac (LC) (mp4a / 0x6134706D), 48000 Hz, mono, fltp, 64 kb/s
    Metadata:
      encoder         : Lavc aac
[out#0/ipod @ 0x829028480] video:0KiB audio:16KiB subtitle:0KiB other streams:0KiB global headers:0KiB muxing overhead: 7.304092%
size=      17KiB time=00:00:02.00 bitrate=  70.2kbits/s speed=91.8x elapsed=0:00:00.02    
[aac @ 0x828c14a80] Qavg: 108.585
Capturing approved offset-av-aac raw ProbeDocument.
Capturing approved gap-video raw ProbeDocument.
Capturing approved aac-priming raw ProbeDocument.
Retained Phase 2 fixture corpus without overwriting existing evidence.
